RAM Allocation [bytes]
Variable                                                                          Address   Size
------------------------------------------------------------------------------------------------
glcd_state                                                                        0x0575      29
keypad                                                                            0x0592      18
tmp                                                                               0x05A4      10
tmp2                                                                              0x05AE      10
gfx_addr                                                                          0x05B8       2
gfx_buffer                                                                        0x05BA     504
_seed                                                                             0x07B2       4
_base_y                                                                           0x07B6       4
_lcd_maxx                                                                         0x07BA       1

EEPROM Allocation [bytes]
Variable                                                                          Address   Size
------------------------------------------------------------------------------------------------
my_eeprom                                                                         0x0000       2

Register Allocation
Variable                                                                          Register  Size
------------------------------------------------------------------------------------------------
miss                                                                              R4,R5        2
counter                                                                           R6,R7        2
dem_sai                                                                           R8,R9        2
sai_toi_da                                                                        R10,R11      2
_lcd_x                                                                            R13          1
_lcd_y                                                                            R12          1

FLASH Allocation [words]
Function                                                                          Address   Size
------------------------------------------------------------------------------------------------
init_register                                                                     0x001D9      9
read                                                                              0x001E2     62
init_lcd                                                                          0x00220      6
timer0_ovf_isr                                                                    0x00226     41
mainScreen                                                                        0x0024F     22
mainScreen2                                                                       0x00265     22
mainScreen3                                                                       0x0027B     29
mainScreenLcd                                                                     0x00298     30
exe                                                                               0x002B6    232
main                                                                              0x0039E     52
pcd8544_delay_G100                                                                0x003D2      1
pcd8544_wrbus_G100                                                                0x003D3     46
pcd8544_wrcmd                                                                     0x00401     10
pcd8544_wrdata_G100                                                               0x0040B     10
pcd8544_setaddr_G100                                                              0x00415     23
pcd8544_gotoxy                                                                    0x0042C     14
pcd8544_rdbyte                                                                    0x0043A     14
pcd8544_wrbyte                                                                    0x00448      8
glcd_init                                                                         0x00450    156
glcd_display                                                                      0x004EC     11
glcd_clear                                                                        0x004F7     30
pcd8544_wrmasked_G100                                                             0x00515     57
glcd_block                                                                        0x0054E    481
glcd_clipx                                                                        0x0072F     21
glcd_clipy                                                                        0x00744     19
glcd_getcharw_G101                                                                0x00757    111
glcd_new_line_G101                                                                0x007C6     20
glcd_putchar                                                                      0x007DA     98
glcd_outtextxy                                                                    0x0083C     16
glcd_moveto                                                                       0x0084C     13
itoa                                                                              0x00859     46
_lcd_write_nibble_G106                                                            0x00887     37
_lcd_write_data                                                                   0x008AC     12
lcd_gotoxy                                                                        0x008B8     12
lcd_clear                                                                         0x008C4     12
lcd_putchar                                                                       0x008D0     23
lcd_puts                                                                          0x008E7     11
lcd_putsf                                                                         0x008F2     18
lcd_init                                                                          0x00904     48
memset                                                                            0x00934     16
glcd_getmask                                                                      0x00944     11
glcd_mappixcolor1bit                                                              0x0094F     40
glcd_readmem                                                                      0x00977     31
glcd_writemem                                                                     0x00996     31
