RAM Allocation [bytes]
Variable                                                                          Address   Size
------------------------------------------------------------------------------------------------
glcd_state                                                                        0x0539      29
keypad                                                                            0x0556      18
tmp                                                                               0x0568      10
gfx_addr                                                                          0x0572       2
gfx_buffer                                                                        0x0574     504
_seed                                                                             0x076C       4

EEPROM Allocation [bytes]
Variable                                                                          Address   Size
------------------------------------------------------------------------------------------------
my_eeprom                                                                         0x0000       2

Register Allocation
Variable                                                                          Register  Size
------------------------------------------------------------------------------------------------
miss                                                                              R4,R5        2
counter                                                                           R6,R7        2

FLASH Allocation [words]
Function                                                                          Address   Size
------------------------------------------------------------------------------------------------
timer0_ovf_isr                                                                    0x001B9     43
read                                                                              0x001E4     62
mainScreen                                                                        0x00222     31
exe                                                                               0x00241    114
main                                                                              0x002B3     91
pcd8544_delay_G100                                                                0x0030E      1
pcd8544_wrbus_G100                                                                0x0030F     46
pcd8544_wrcmd                                                                     0x0033D      9
pcd8544_wrdata_G100                                                               0x00346      9
pcd8544_setaddr_G100                                                              0x0034F     23
pcd8544_gotoxy                                                                    0x00366     14
pcd8544_rdbyte                                                                    0x00374     14
pcd8544_wrbyte                                                                    0x00382      7
glcd_init                                                                         0x00389    156
glcd_display                                                                      0x00425     11
glcd_clear                                                                        0x00430     30
pcd8544_wrmasked_G100                                                             0x0044E     57
glcd_block                                                                        0x00487    481
glcd_clipx                                                                        0x00668     21
glcd_clipy                                                                        0x0067D     19
glcd_getcharw_G101                                                                0x00690    111
glcd_new_line_G101                                                                0x006FF     20
glcd_putchar                                                                      0x00713     98
glcd_outtextxy                                                                    0x00775     21
glcd_moveto                                                                       0x0078A     13
itoa                                                                              0x00797     46
memset                                                                            0x007C5     16
glcd_getmask                                                                      0x007D5     11
glcd_mappixcolor1bit                                                              0x007E0     40
glcd_readmem                                                                      0x00808     31
glcd_writemem                                                                     0x00827     31
